// Jest Snapshot v1, https://goo.gl/fbAQLP

exports[`matches snapshot 1`] = `
<DocumentFragment>
  <form>
    <label
      for="color"
    >
      Color
    </label>
    <input
      id="color"
      name="color"
      placeholder="Color Name"
      type="text"
      value=""
    />
    <label
      for="width"
    >
      Width
    </label>
    <input
      id="width"
      min="0"
      name="width"
      type="number"
      value="0"
    />
    <label
      for="height"
    >
      Height
    </label>
    <input
      id="height"
      min="0"
      name="height"
      type="number"
      value="0"
    />
    <button>
      Create Box
    </button>
  </form>
</DocumentFragment>
`;
